main.c:105:5:main	8	static
main.c:180:6:SystemClock_Config	88	static
main.c:225:13:MX_ADC3_Init	24	static
main.c:275:13:MX_TIM2_Init	32	static
main.c:318:13:MX_DMA_Init	16	static
main.c:336:13:MX_GPIO_Init	48	static
main.c:383:6:HAL_ADC_ConvHalfCpltCallback	16	static
main.c:387:6:HAL_ADC_ConvCpltCallback	16	static
main.c:395:6:run_Forward_Sequence	24	static
main.c:458:6:run_Reverse_Sequence	24	static
main.c:522:6:stop_Motor	8	static
main.c:566:6:motor_ReturnHome	8	static
main.c:581:6:HAL_GPIO_EXTI_Callback	16	static
main.c:635:6:HAL_TIM_PeriodElapsedCallback	16	static
main.c:652:6:Error_Handler	4	static,ignoring_inline_asm
