main.c:123:5:main	8	static
main.c:248:6:SystemClock_Config	88	static
main.c:293:13:MX_ADC1_Init	24	static
main.c:343:13:MX_TIM2_Init	32	static
main.c:386:13:MX_DMA_Init	16	static
main.c:404:13:MX_GPIO_Init	48	static
main.c:476:6:HAL_ADC_ConvHalfCpltCallback	24	static
main.c:489:6:HAL_ADC_ConvCpltCallback	24	static
main.c:502:6:run_Forward_Sequence	24	static
main.c:584:6:run_Reverse_Sequence	24	static
main.c:667:6:stop_Motor	8	static
main.c:707:6:motor_ReturnHome	8	static
main.c:764:6:HAL_TIM_PeriodElapsedCallback	16	static
main.c:781:6:Error_Handler	4	static,ignoring_inline_asm
